// Jest Snapshot v1, https://goo.gl/fbAQLP

exports[`<Product/> Renders and matches the snapshot 1`] = `
<div>
  <div
    class="group bg-[#f4f1ea] hover:bg-white shadow-subtle overflow-hidden hover:shadow-elevated transition-shadow duration-300 border border-neutral-200 flex flex-col h-full"
  >
    <div
      class="relative overflow-hidden flex-shrink-0 hover:bg-white cursor-pointer"
    >
      <img
        alt="dogs are best"
        class="w-full h-48 object-contain p-2"
        src="dog.jpg"
      />
      <div
        class="absolute inset-x-0 bottom-0 z-10 p-2 opacity-0 translate-y-6 pointer-events-none transition-all duration-300 group-hover:opacity-100 group-hover:translate-y-0 group-hover:pointer-events-auto group-focus-within:opacity-100 group-focus-within:translate-y-0 group-focus-within:pointer-events-auto"
      >
        <div
          class="rounded-lg backdrop-blur-sm  shadow-lg "
        >
          <button
            class="flex w-full justify-center items-center bg-[#16140f] hover:bg-[#ff4a17] disabled:bg-neutral-400 text-white px-4 py-2 rounded-md text-center text-[12px] font-mono font-lg transition-colors disabled:cursor-not-allowed"
            type="button"
          >
            + ADD
             TO BAG
          </button>
        </div>
      </div>
    </div>
    <div
      class="pt-4 px-4 flex flex-col flex-grow bg-[#f4f1ea] group-hover:bg-white"
    >
      <div
        class="flex flex-col "
      >
        <h3
          class="text-[16px] font-extrabold text-[#16140f] mb-2"
        >
          <a
            class="text-secondary-DEFAULT hover:text-primary-DEFAULT transition-colors"
            href="/product/abc123"
          >
            dogs are best
          </a>
        </h3>
        <div
          class="flex flex-wrap text-[13px] font-extrabold gap-1 mb-3"
        >
          $50
        </div>
      </div>
      <p
        class="text-[#807A6C] text-[13px] leading-relaxed mb-3 line-clamp-2 flex-grow"
      >
        dogs
      </p>
    </div>
  </div>
</div>
`;
