// Jest Snapshot v1, https://goo.gl/fbAQLP

exports[`<SignUp/> renders and matches snapshot 1`] = `"<form method=\\"POST\\"><h2>Sign Up For an Account</h2><fieldset aria-busy=\\"false\\"><label for=\\"name\\">Name<input type=\\"text\\" name=\\"name\\" placeholder=\\"Your name\\" autocomplete=\\"name\\" value=\\"\\"></label><label for=\\"email\\">Email<input type=\\"email\\" name=\\"email\\" placeholder=\\"Your email address\\" autocomplete=\\"email\\" value=\\"\\"></label><label for=\\"password\\">Password<input type=\\"password\\" name=\\"password\\" placeholder=\\"password\\" autocomplete=\\"current-password\\" value=\\"\\"></label><button type=\\"submit\\">Sign Up</button></fieldset></form>"`;
